aux-cli  ● thinking  active  Context 60K/64K (93%) · $1.20

 Pages  60k / 64k  (93%)
 Active code                                                                                     40k
 Tool results                                                                                    20k
 12 resident · 2 pinned · saved 8k